// Jest Snapshot v1, https://goo.gl/fbAQLP

exports[`SortForm.vue when SortForm was mounted should SortForm render correctly 1`] = `
<div class="sort-form u-mt-16">
  <p class="sort-form__title">Sort blogs:</p>
  <div class="u-flex u-items-center"><input type="radio" name="sort_blogs" id="1" value="asc"> <label for="1">Ascending</label></div>
  <div class="u-flex u-items-center"><input type="radio" name="sort_blogs" id="2" value="desc"> <label for="2">Descending</label></div>
</div>
`;
